// Vitest Snapshot v1, https://vitest.dev/guide/snapshot.html

exports[`buildEnrichmentPrompt > matches snapshot (change-control gate) 1`] = `
"You are enriching a timeline event for a geopolitical simulation. Your output will be displayed to players as their intelligence briefing and historical chronicle.

CRITICAL: Every text field must be a full paragraph (minimum 4-5 sentences). No one-liners.


ESCALATION FRAMEWORK — score each actor's position using objective criteria:

MACRO LEVELS (0-7) mapped to rungs (0-20):
  Level 0 "Baseline Competition"         → rungs 0-1   (sanctions, intel ops, rhetoric)
  Level 1 "Crisis Onset"                 → rungs 2-3   (ultimatums, carrier deployments, embassy recalls)
  Level 2 "Covert/Deniable Operations"   → rungs 4-6   (assassinations, sabotage, proxy activation)
  Level 3 "Limited Overt Military"       → rungs 7-9   (acknowledged precision strikes on military targets)
  Level 4 "Major Conventional War"       → rungs 10-13 (strategic bombing, ground invasion, infrastructure)
  Level 5 "Strategic Escalation"         → rungs 14-16 (nuclear facility strikes, regime targeting, WMD)
  Level 6 "Limited Nuclear Use"          → rungs 17-18 (nuclear detonation, tactical nuclear strike)
  Level 7 "General Nuclear War"          → rungs 19-20 (counter-value, strategic exchange)

CRITICAL RULE — actor position is based on the most escalatory action THEY have taken,
scored from THEIR strategic doctrine perspective, not the target's experience.
A US precision strike on a nuclear facility is Level 3 from the US perspective
(limited overt military, constrained targeting) even though Iran experiences it as Level 5.

6 OBJECTIVE SCORING CRITERIA (fill these in for each actor's action in this event):
  lethality:          0=non-lethal, 1=individuals, 2=dozens, 3=hundreds, 4=thousands, 5=mass casualties
  attribution:        0=fully deniable, 1=suspected, 2=likely, 3=acknowledged, 4=publicly claimed
  target_sensitivity: 0=military forces, 1=military infrastructure, 2=dual-use, 3=economic, 4=civilian/leadership, 5=nuclear/WMD
  geographic_scope:   0=existing conflict zone, 1=adjacent, 2=opponent non-core territory, 3=opponent core/capital, 4=third-party state, 5=global commons
  reversibility:      0=fully reversible, 1=mostly, 2=partially, 3=mostly irreversible, 4=fully irreversible
  norm_violation:     0=within norms, 1=gray zone, 2=violates law (precedented), 3=violates major norm, 4=breaks fundamental taboo

DYADS — track threshold state for each relevant actor pair:
  us_iran, us_israel, israel_iran,
  us_houthis, iran_houthis, us_hezbollah, iran_hezbollah,
  us_iraqi_militia, iran_iraqi_militia, us_russia, us_china

THRESHOLDS (list which are crossed by this event):
  thresh_crisis (0→1), thresh_covert_force (1→2), thresh_overt_force (2→3),
  thresh_total_war (3→4), thresh_wmd (4→5), thresh_nuclear_use (5→6), thresh_armageddon (6→7)

PERCEIVED POSITIONS — each actor's intel estimate of the other's rung (may differ from actual).
Use the actor's intelligence profile and fog-of-war to determine what they can observe.


Event to enrich:
{
  "id": "evt_20260228_op_epic_fury",
  "timestamp": "2026-02-28",
  "timestamp_confidence": "exact",
  "title": "Trump Authorizes Operation Epic Fury",
  "description": "Trump signed the authorization order.",
  "actors_involved": [
    "united_states",
    "israel",
    "iran"
  ],
  "dimension": "military",
  "is_decision": true,
  "deciding_actor": "united_states",
  "escalation_direction": "up",
  "source_excerpt": "Trump authorized..."
}

Context chain (what has happened so far):
context chain text

Actor strategic doctrines (for actor perspectives and why_not_chosen):
united_states: united_states doctrine.

Output a single JSON object:
{
  "full_briefing": {
    "situation": "[Full paragraph: what is happening RIGHT NOW. Specific assets named, figures named, precise locations.]",
    "actor_perspectives": {
      "united_states": "[Full paragraph: US intelligence picture — what they know, what they don't, fog of war applied.]",
      "iran": "[Full paragraph: Iran's perspective and assessment.]",
      "israel": "[Full paragraph: Israel's perspective and assessment.]"
    },
    "context": "[Full paragraph: how this event connects to the larger arc.]"
  },
  "chronicle": {
    "headline": "[Sharp, newspaper-style headline. Max 12 words.]",
    "date_label": "[E.g.: 'Day 3 of Operation Epic Fury — March 2, 2026']",
    "entry": "[4 paragraphs: (1) What happened; (2) Human dimension; (3) Economic/diplomatic consequences; (4) What this means going forward.]"
  },
  "context_summary": "[One paragraph, 4-5 sentences. Captures: what happened, who decided it, what it cost, what it changed. Fed as context to all future turns.]",
  "decision_analysis": {
    "is_decision_point": true | false,
    "deciding_actor_id": "...",
    "decision_summary": "[One sentence: '[Actor] chose to [action]']",
    "alternatives": [
      {
        "label": "...",
        "description": "[Full paragraph: what this alternative would have looked like]",
        "escalation_direction": "up" | "down" | "lateral" | "none",
        "escalation_level": [0-20],
        "why_not_chosen": "[Full paragraph: actor's specific psychology and constraints]"
      }
    ]
  },
  "escalation": {
    "by_actor": {
      "united_states": { "rung": [0-20], "level": [0-7], "level_name": "...", "criteria_rationale": "[One sentence: which criteria drove this score from US perspective]" },
      "iran":          { "rung": [0-20], "level": [0-7], "level_name": "...", "criteria_rationale": "..." },
      "israel":        { "rung": [0-20], "level": [0-7], "level_name": "...", "criteria_rationale": "..." },
      "russia":        { "rung": [0-20], "level": [0-7], "level_name": "...", "criteria_rationale": "..." },
      "china":         { "rung": [0-20], "level": [0-7], "level_name": "...", "criteria_rationale": "..." }
    },
    "perceived": {
      "iran_perceives_us":    { "estimated_rung": [0-20], "confidence": "high|moderate|low", "rationale": "[One sentence: what intel basis]" },
      "us_perceives_iran":    { "estimated_rung": [0-20], "confidence": "high|moderate|low", "rationale": "..." },
      "israel_perceives_iran":{ "estimated_rung": [0-20], "confidence": "high|moderate|low", "rationale": "..." }
    },
    "dyads": {
      "us_iran":    { "highest_threshold_crossed": "thresh_id or null", "thresholds_intact": ["thresh_id", ...], "escalation_asymmetry": [number], "last_crossing_event_id": "evt_id or null" },
      "israel_iran":{ "highest_threshold_crossed": "...", "thresholds_intact": [...], "escalation_asymmetry": [number], "last_crossing_event_id": "..." },
      "us_houthis": { "highest_threshold_crossed": "...", "thresholds_intact": [...], "escalation_asymmetry": [number], "last_crossing_event_id": "..." },
      "iran_houthis":{ "highest_threshold_crossed": "...", "thresholds_intact": [...], "escalation_asymmetry": [number], "last_crossing_event_id": "..." }
    },
    "global_ceiling": [0-20],
    "direction": "up" | "down" | "lateral" | "none"
  }
}

Output ONLY the JSON object. No prose outside the JSON."
`;
