// Vitest Snapshot v1, https://vitest.dev/guide/snapshot.html

exports[`ESCALATION_FRAMEWORK_PROMPT > matches snapshot (change-control gate — update intentionally) 1`] = `
"
ESCALATION FRAMEWORK — score each actor's position using objective criteria:

MACRO LEVELS (0-7) mapped to rungs (0-20):
  Level 0 "Baseline Competition"         → rungs 0-1   (sanctions, intel ops, rhetoric)
  Level 1 "Crisis Onset"                 → rungs 2-3   (ultimatums, carrier deployments, embassy recalls)
  Level 2 "Covert/Deniable Operations"   → rungs 4-6   (assassinations, sabotage, proxy activation)
  Level 3 "Limited Overt Military"       → rungs 7-9   (acknowledged precision strikes on military targets)
  Level 4 "Major Conventional War"       → rungs 10-13 (strategic bombing, ground invasion, infrastructure)
  Level 5 "Strategic Escalation"         → rungs 14-16 (nuclear facility strikes, regime targeting, WMD)
  Level 6 "Limited Nuclear Use"          → rungs 17-18 (nuclear detonation, tactical nuclear strike)
  Level 7 "General Nuclear War"          → rungs 19-20 (counter-value, strategic exchange)

CRITICAL RULE — actor position is based on the most escalatory action THEY have taken,
scored from THEIR strategic doctrine perspective, not the target's experience.
A US precision strike on a nuclear facility is Level 3 from the US perspective
(limited overt military, constrained targeting) even though Iran experiences it as Level 5.

6 OBJECTIVE SCORING CRITERIA (fill these in for each actor's action in this event):
  lethality:          0=non-lethal, 1=individuals, 2=dozens, 3=hundreds, 4=thousands, 5=mass casualties
  attribution:        0=fully deniable, 1=suspected, 2=likely, 3=acknowledged, 4=publicly claimed
  target_sensitivity: 0=military forces, 1=military infrastructure, 2=dual-use, 3=economic, 4=civilian/leadership, 5=nuclear/WMD
  geographic_scope:   0=existing conflict zone, 1=adjacent, 2=opponent non-core territory, 3=opponent core/capital, 4=third-party state, 5=global commons
  reversibility:      0=fully reversible, 1=mostly, 2=partially, 3=mostly irreversible, 4=fully irreversible
  norm_violation:     0=within norms, 1=gray zone, 2=violates law (precedented), 3=violates major norm, 4=breaks fundamental taboo

DYADS — track threshold state for each relevant actor pair:
  us_iran, us_israel, israel_iran,
  us_houthis, iran_houthis, us_hezbollah, iran_hezbollah,
  us_iraqi_militia, iran_iraqi_militia, us_russia, us_china

THRESHOLDS (list which are crossed by this event):
  thresh_crisis (0→1), thresh_covert_force (1→2), thresh_overt_force (2→3),
  thresh_total_war (3→4), thresh_wmd (4→5), thresh_nuclear_use (5→6), thresh_armageddon (6→7)

PERCEIVED POSITIONS — each actor's intel estimate of the other's rung (may differ from actual).
Use the actor's intelligence profile and fog-of-war to determine what they can observe.
"
`;
